../Core/Src/main.c:89:6:HAL_TIM_PeriodElapsedCallback	16	static
../Core/Src/main.c:114:6:HAL_UART_RxCpltCallback	16	static
../Core/Src/main.c:136:5:main	8	static
../Core/Src/main.c:201:6:SystemClock_Config	88	static
../Core/Src/main.c:247:13:MX_I2C1_Init	8	static
../Core/Src/main.c:281:13:MX_I2S3_Init	8	static
../Core/Src/main.c:315:13:MX_SPI1_Init	8	static
../Core/Src/main.c:353:13:MX_TIM6_Init	16	static
../Core/Src/main.c:391:13:MX_TIM7_Init	16	static
../Core/Src/main.c:429:13:MX_USART2_UART_Init	8	static
../Core/Src/main.c:462:13:MX_USART3_UART_Init	8	static
../Core/Src/main.c:495:13:MX_GPIO_Init	56	static
../Core/Src/main.c:590:6:Error_Handler	4	static,ignoring_inline_asm
